// Jest Snapshot v1, https://goo.gl/fbAQLP

exports[`Draws a bunch: draw shape 1`] = `
{
  "index": "a1",
  "isLocked": false,
  "meta": {},
  "opacity": 1,
  "parentId": "page:page",
  "props": {
    "color": "black",
    "dash": "draw",
    "fill": "none",
    "isClosed": false,
    "isComplete": true,
    "isPen": false,
    "scale": 1,
    "segments": [
      {
        "points": [
          {
            "x": 0,
            "y": 0,
          },
          {
            "x": 1,
            "y": 0,
          },
          {
            "x": 4,
            "y": 0,
          },
          {
            "x": 10,
            "y": -1,
          },
          {
            "x": 19,
            "y": -4,
          },
          {
            "x": 30,
            "y": -10,
          },
          {
            "x": 46,
            "y": -20,
          },
          {
            "x": 61,
            "y": -30,
          },
          {
            "x": 74,
            "y": -43,
          },
          {
            "x": 89,
            "y": -59,
          },
          {
            "x": 102,
            "y": -77,
          },
          {
            "x": 108,
            "y": -90,
          },
          {
            "x": 112,
            "y": -103,
          },
          {
            "x": 117,
            "y": -119,
          },
          {
            "x": 118,
            "y": -131,
          },
          {
            "x": 119,
            "y": -137,
          },
          {
            "x": 119,
            "y": -145,
          },
          {
            "x": 120,
            "y": -152,
          },
          {
            "x": 119,
            "y": -158,
          },
          {
            "x": 117,
            "y": -163,
          },
          {
            "x": 114,
            "y": -167,
          },
          {
            "x": 109,
            "y": -169,
          },
          {
            "x": 103,
            "y": -170,
          },
          {
            "x": 97,
            "y": -170,
          },
          {
            "x": 89,
            "y": -170,
          },
          {
            "x": 80,
            "y": -166,
          },
          {
            "x": 71,
            "y": -159,
          },
          {
            "x": 62,
            "y": -150,
          },
          {
            "x": 54,
            "y": -138,
          },
          {
            "x": 50,
            "y": -126,
          },
          {
            "x": 47,
            "y": -113,
          },
          {
            "x": 46,
            "y": -99,
          },
          {
            "x": 46,
            "y": -82,
          },
          {
            "x": 47,
            "y": -61,
          },
          {
            "x": 53,
            "y": -41,
          },
          {
            "x": 60,
            "y": -24,
          },
          {
            "x": 68,
            "y": -7,
          },
          {
            "x": 79,
            "y": 12,
          },
          {
            "x": 88,
            "y": 32,
          },
          {
            "x": 96,
            "y": 50,
          },
          {
            "x": 103,
            "y": 69,
          },
          {
            "x": 106,
            "y": 86,
          },
          {
            "x": 107,
            "y": 102,
          },
          {
            "x": 107,
            "y": 120,
          },
          {
            "x": 102,
            "y": 136,
          },
          {
            "x": 90,
            "y": 146,
          },
          {
            "x": 74,
            "y": 154,
          },
          {
            "x": 43,
            "y": 163,
          },
          {
            "x": 32,
            "y": 164,
          },
          {
            "x": 21,
            "y": 164,
          },
          {
            "x": 11,
            "y": 164,
          },
          {
            "x": 2,
            "y": 164,
          },
          {
            "x": -7,
            "y": 162,
          },
          {
            "x": -13,
            "y": 159,
          },
          {
            "x": -15,
            "y": 153,
          },
          {
            "x": -15,
            "y": 147,
          },
          {
            "x": -11,
            "y": 138,
          },
          {
            "x": 1,
            "y": 127,
          },
          {
            "x": 15,
            "y": 112,
          },
          {
            "x": 34,
            "y": 96,
          },
          {
            "x": 56,
            "y": 79,
          },
          {
            "x": 81,
            "y": 58,
          },
          {
            "x": 107,
            "y": 33,
          },
          {
            "x": 126,
            "y": 12,
          },
          {
            "x": 145,
            "y": -10,
          },
          {
            "x": 160,
            "y": -30,
          },
          {
            "x": 172,
            "y": -50,
          },
          {
            "x": 185,
            "y": -73,
          },
          {
            "x": 194,
            "y": -93,
          },
          {
            "x": 199,
            "y": -112,
          },
          {
            "x": 202,
            "y": -127,
          },
          {
            "x": 203,
            "y": -138,
          },
          {
            "x": 203,
            "y": -146,
          },
          {
            "x": 201,
            "y": -152,
          },
          {
            "x": 196,
            "y": -155,
          },
          {
            "x": 191,
            "y": -156,
          },
          {
            "x": 186,
            "y": -157,
          },
          {
            "x": 178,
            "y": -156,
          },
          {
            "x": 170,
            "y": -150,
          },
          {
            "x": 164,
            "y": -140,
          },
          {
            "x": 158,
            "y": -128,
          },
          {
            "x": 151,
            "y": -110,
          },
          {
            "x": 144,
            "y": -89,
          },
          {
            "x": 139,
            "y": -64,
          },
          {
            "x": 135,
            "y": -36,
          },
          {
            "x": 132,
            "y": -7,
          },
          {
            "x": 132,
            "y": 22,
          },
          {
            "x": 132,
            "y": 49,
          },
          {
            "x": 133,
            "y": 74,
          },
          {
            "x": 140,
            "y": 97,
          },
          {
            "x": 148,
            "y": 113,
          },
          {
            "x": 156,
            "y": 124,
          },
          {
            "x": 166,
            "y": 137,
          },
          {
            "x": 175,
            "y": 145,
          },
          {
            "x": 183,
            "y": 150,
          },
          {
            "x": 191,
            "y": 152,
          },
          {
            "x": 197,
            "y": 152,
          },
          {
            "x": 205,
            "y": 151,
          },
          {
            "x": 214,
            "y": 146,
          },
          {
            "x": 223,
            "y": 136,
          },
          {
            "x": 230,
            "y": 125,
          },
          {
            "x": 236,
            "y": 112,
          },
          {
            "x": 242,
            "y": 95,
          },
          {
            "x": 247,
            "y": 78,
          },
          {
            "x": 250,
            "y": 61,
          },
          {
            "x": 252,
            "y": 46,
          },
          {
            "x": 253,
            "y": 37,
          },
          {
            "x": 253,
            "y": 31,
          },
          {
            "x": 253,
            "y": 24,
          },
          {
            "x": 251,
            "y": 20,
          },
          {
            "x": 248,
            "y": 16,
          },
          {
            "x": 246,
            "y": 16,
          },
          {
            "x": 243,
            "y": 16,
          },
          {
            "x": 240,
            "y": 17,
          },
          {
            "x": 238,
            "y": 19,
          },
          {
            "x": 236,
            "y": 26,
          },
          {
            "x": 234,
            "y": 34,
          },
          {
            "x": 233,
            "y": 45,
          },
          {
            "x": 232,
            "y": 56,
          },
          {
            "x": 232,
            "y": 66,
          },
          {
            "x": 235,
            "y": 79,
          },
          {
            "x": 241,
            "y": 91,
          },
          {
            "x": 247,
            "y": 100,
          },
          {
            "x": 255,
            "y": 109,
          },
          {
            "x": 260,
            "y": 113,
          },
          {
            "x": 266,
            "y": 116,
          },
          {
            "x": 274,
            "y": 118,
          },
          {
            "x": 280,
            "y": 118,
          },
          {
            "x": 286,
            "y": 115,
          },
          {
            "x": 291,
            "y": 105,
          },
          {
            "x": 296,
            "y": 93,
          },
          {
            "x": 298,
            "y": 83,
          },
          {
            "x": 301,
            "y": 70,
          },
          {
            "x": 303,
            "y": 58,
          },
          {
            "x": 305,
            "y": 48,
          },
          {
            "x": 306,
            "y": 38,
          },
          {
            "x": 307,
            "y": 31,
          },
          {
            "x": 308,
            "y": 25,
          },
          {
            "x": 308,
            "y": 22,
          },
          {
            "x": 308,
            "y": 20,
          },
          {
            "x": 308,
            "y": 19,
          },
          {
            "x": 308,
            "y": 22,
          },
          {
            "x": 308,
            "y": 27,
          },
          {
            "x": 308,
            "y": 35,
          },
          {
            "x": 308,
            "y": 44,
          },
          {
            "x": 308,
            "y": 51,
          },
          {
            "x": 308,
            "y": 56,
          },
          {
            "x": 308,
            "y": 61,
          },
          {
            "x": 309,
            "y": 66,
          },
          {
            "x": 312,
            "y": 71,
          },
          {
            "x": 314,
            "y": 74,
          },
          {
            "x": 317,
            "y": 75,
          },
          {
            "x": 320,
            "y": 76,
          },
          {
            "x": 324,
            "y": 76,
          },
          {
            "x": 329,
            "y": 73,
          },
          {
            "x": 333,
            "y": 69,
          },
          {
            "x": 336,
            "y": 66,
          },
          {
            "x": 339,
            "y": 62,
          },
          {
            "x": 342,
            "y": 59,
          },
          {
            "x": 344,
            "y": 57,
          },
          {
            "x": 346,
            "y": 55,
          },
          {
            "x": 348,
            "y": 55,
          },
          {
            "x": 348,
            "y": 55,
          },
          {
            "x": 349,
            "y": 55,
          },
          {
            "x": 349,
            "y": 56,
          },
          {
            "x": 350,
            "y": 57,
          },
          {
            "x": 351,
            "y": 59,
          },
          {
            "x": 351,
            "y": 61,
          },
          {
            "x": 352,
            "y": 62,
          },
          {
            "x": 352,
            "y": 63,
          },
          {
            "x": 353,
            "y": 64,
          },
          {
            "x": 354,
            "y": 64,
          },
          {
            "x": 355,
            "y": 64,
          },
          {
            "x": 356,
            "y": 58,
          },
          {
            "x": 358,
            "y": 49,
          },
          {
            "x": 360,
            "y": 40,
          },
          {
            "x": 363,
            "y": 32,
          },
          {
            "x": 365,
            "y": 26,
          },
          {
            "x": 367,
            "y": 19,
          },
          {
            "x": 369,
            "y": 13,
          },
          {
            "x": 373,
            "y": 7,
          },
          {
            "x": 376,
            "y": 3,
          },
          {
            "x": 380,
            "y": 2,
          },
          {
            "x": 385,
            "y": 2,
          },
          {
            "x": 390,
            "y": 2,
          },
          {
            "x": 397,
            "y": 3,
          },
          {
            "x": 410,
            "y": 11,
          },
          {
            "x": 424,
            "y": 23,
          },
          {
            "x": 434,
            "y": 34,
          },
          {
            "x": 446,
            "y": 49,
          },
          {
            "x": 456,
            "y": 64,
          },
          {
            "x": 464,
            "y": 81,
          },
          {
            "x": 468,
            "y": 95,
          },
          {
            "x": 470,
            "y": 116,
          },
          {
            "x": 472,
            "y": 142,
          },
          {
            "x": 472,
            "y": 162,
          },
          {
            "x": 468,
            "y": 178,
          },
          {
            "x": 458,
            "y": 195,
          },
          {
            "x": 442,
            "y": 213,
          },
          {
            "x": 423,
            "y": 230,
          },
          {
            "x": 407,
            "y": 240,
          },
          {
            "x": 393,
            "y": 245,
          },
          {
            "x": 377,
            "y": 250,
          },
          {
            "x": 364,
            "y": 252,
          },
          {
            "x": 354,
            "y": 252,
          },
          {
            "x": 346,
            "y": 248,
          },
          {
            "x": 340,
            "y": 239,
          },
          {
            "x": 339,
            "y": 225,
          },
          {
            "x": 339,
            "y": 198,
          },
          {
            "x": 349,
            "y": 165,
          },
          {
            "x": 372,
            "y": 130,
          },
          {
            "x": 403,
            "y": 89,
          },
          {
            "x": 432,
            "y": 54,
          },
          {
            "x": 467,
            "y": 16,
          },
          {
            "x": 504,
            "y": -21,
          },
          {
            "x": 551,
            "y": -68,
          },
          {
            "x": 597,
            "y": -115,
          },
          {
            "x": 619,
            "y": -138,
          },
          {
            "x": 641,
            "y": -162,
          },
          {
            "x": 663,
            "y": -188,
          },
          {
            "x": 675,
            "y": -203,
          },
          {
            "x": 684,
            "y": -219,
          },
          {
            "x": 692,
            "y": -237,
          },
          {
            "x": 693,
            "y": -244,
          },
          {
            "x": 691,
            "y": -250,
          },
          {
            "x": 682,
            "y": -254,
          },
          {
            "x": 664,
            "y": -256,
          },
          {
            "x": 642,
            "y": -256,
          },
          {
            "x": 621,
            "y": -253,
          },
          {
            "x": 589,
            "y": -240,
          },
          {
            "x": 554,
            "y": -221,
          },
          {
            "x": 526,
            "y": -201,
          },
          {
            "x": 502,
            "y": -182,
          },
          {
            "x": 484,
            "y": -165,
          },
          {
            "x": 467,
            "y": -146,
          },
          {
            "x": 456,
            "y": -131,
          },
          {
            "x": 450,
            "y": -120,
          },
          {
            "x": 448,
            "y": -112,
          },
          {
            "x": 448,
            "y": -107,
          },
          {
            "x": 449,
            "y": -104,
          },
          {
            "x": 452,
            "y": -103,
          },
          {
            "x": 458,
            "y": -102,
          },
          {
            "x": 462,
            "y": -102,
          },
          {
            "x": 465,
            "y": -103,
          },
          {
            "x": 470,
            "y": -104,
          },
          {
            "x": 472,
            "y": -105,
          },
          {
            "x": 474,
            "y": -106,
          },
          {
            "x": 475,
            "y": -106,
          },
          {
            "x": 476,
            "y": -107,
          },
          {
            "x": 476,
            "y": -107,
          },
          {
            "x": 477,
            "y": -107,
          },
        ],
        "type": "free",
      },
    ],
    "size": "m",
  },
  "rotation": 0,
  "type": "draw",
  "typeName": "shape",
  "x": 511,
  "y": 234,
}
`;
